../Core/Src/main.c:99:17:computeHeartRate	16	static
../Core/Src/main.c:105:16:computeSpO2	16	static
../Core/Src/main.c:131:5:main	120	static
../Core/Src/main.c:349:6:SystemClock_Config	96	static
../Core/Src/main.c:399:13:MX_ADC1_Init	48	static
../Core/Src/main.c:466:13:MX_USART2_UART_Init	8	static
../Core/Src/main.c:499:13:MX_DMA_Init	16	static
../Core/Src/main.c:523:13:MX_GPIO_Init	40	static
../Core/Src/main.c:558:6:HAL_GPIO_EXTI_Callback	32	static
../Core/Src/main.c:599:13:enterErrorState	64	static
../Core/Src/main.c:616:6:Error_Handler	4	static,ignoring_inline_asm
