../Core/Src/main.c:121:17:applySquaringFilter	40	static
../Core/Src/main.c:132:17:applyExponentialMovingAverage	24	static
../Core/Src/main.c:144:17:computeHeartRate	16	static
../Core/Src/main.c:153:16:computeSpO2	16	static
../Core/Src/main.c:184:5:main	128	static
../Core/Src/main.c:433:6:SystemClock_Config	96	static
../Core/Src/main.c:483:13:MX_ADC1_Init	48	static
../Core/Src/main.c:550:13:MX_USART2_UART_Init	8	static
../Core/Src/main.c:583:13:MX_DMA_Init	16	static
../Core/Src/main.c:607:13:MX_GPIO_Init	40	static
../Core/Src/main.c:645:6:HAL_GPIO_EXTI_Callback	32	static
../Core/Src/main.c:685:13:updateLED	24	static
../Core/Src/main.c:748:13:enterErrorState	64	static
../Core/Src/main.c:765:6:Error_Handler	4	static,ignoring_inline_asm
