../Core/Src/main.c:65:6:HAL_UART_RxCpltCallback	16	static
../Core/Src/main.c:85:6:ProcessCollectorData	80	static
../Core/Src/main.c:92:6:ProcessReceivedCommand	80	static
../Core/Src/main.c:110:6:SendStartCmd	48	static
../Core/Src/main.c:119:6:SendStopCmd	48	static
../Core/Src/main.c:133:5:main	48	static
../Core/Src/main.c:179:6:SystemClock_Config	96	static
../Core/Src/main.c:211:13:MX_USART1_UART_Init	8	static
../Core/Src/main.c:226:13:MX_USART2_UART_Init	8	static
../Core/Src/main.c:241:13:MX_USART3_UART_Init	8	static
../Core/Src/main.c:256:13:MX_GPIO_Init	40	static
../Core/Src/main.c:268:6:Error_Handler	8	static,ignoring_inline_asm
