../Core/Src/main.c:132:6:HAL_UART_RxCpltCallback	16	static
../Core/Src/main.c:151:6:HAL_UART_TxCpltCallback	16	static
../Core/Src/main.c:167:5:main	264	static
../Core/Src/main.c:251:6:RunStateMachine	72	static
../Core/Src/main.c:334:6:CheckButton	16	static
../Core/Src/main.c:385:6:UpdateLedBlink	16	static
../Core/Src/main.c:437:6:SendStartCmd	104	static
../Core/Src/main.c:451:6:SendStopCmd	8	static
../Core/Src/main.c:465:6:ProcessCollectorData	184	static
../Core/Src/main.c:497:13:UART_Send_IT	16	static
../Core/Src/main.c:519:6:SystemClock_Config	96	static
../Core/Src/main.c:570:13:MX_USART1_UART_Init	8	static
../Core/Src/main.c:605:13:MX_USART2_UART_Init	8	static
../Core/Src/main.c:640:13:MX_GPIO_Init	40	static
../Core/Src/main.c:688:6:Error_Handler	8	static,ignoring_inline_asm
