../Core/Src/main.c:78:6:HAL_UART_RxCpltCallback	16	static
../Core/Src/main.c:95:5:main	176	static
../Core/Src/main.c:173:6:ProcessUartCommand	224	static
../Core/Src/main.c:227:10:ReadADC	16	static
../Core/Src/main.c:240:10:PreprocessData	16	static
../Core/Src/main.c:256:6:SystemClock_Config	96	static
../Core/Src/main.c:301:13:MX_ADC1_Init	48	static
../Core/Src/main.c:368:13:MX_USART1_UART_Init	8	static
../Core/Src/main.c:403:13:MX_USART2_UART_Init	8	static
../Core/Src/main.c:438:13:MX_GPIO_Init	32	static
../Core/Src/main.c:469:6:Error_Handler	4	static,ignoring_inline_asm
