00:59:00 **** Incremental Build of configuration Debug for project PPG ****
make -j7 all 
arm-none-eabi-gcc "../Core/Src/main.c" -mcpu=cortex-m4 -std=gnu11 -g3 -DDEBUG -DUSE_HAL_DRIVER -DSTM32L476xx -c -I../Core/Inc -I../Drivers/STM32L4xx_HAL_Driver/Inc -I../Drivers/STM32L4xx_HAL_Driver/Inc/Legacy -I../Drivers/CMSIS/Device/ST/STM32L4xx/Include -I../Drivers/CMSIS/Include -O0 -ffunction-sections -fdata-sections -Wall -fstack-usage -fcyclomatic-complexity -MMD -MP -MF"Core/Src/main.d" -MT"Core/Src/main.o" --specs=nano.specs -mfpu=fpv4-sp-d16 -mfloat-abi=hard -mthumb -o "Core/Src/main.o"
arm-none-eabi-gcc -o "PPG.elf" @"objects.list"   -mcpu=cortex-m4 -T"/Users/ebrietas/Desktop/BioConnect/PPG/PPG/STM32L476RGTX_FLASH.ld" --specs=nosys.specs -Wl,-Map="PPG.map" -Wl,--gc-sections -static --specs=nano.specs -mfpu=fpv4-sp-d16 -mfloat-abi=hard -mthumb -Wl,--start-group -lc -lm -Wl,--end-group
Finished building target: PPG.elf
 
arm-none-eabi-size  PPG.elf 
arm-none-eabi-objdump -h -S PPG.elf  > "PPG.list"
   text	   data	    bss	    dec	    hex	filename
  22792	     92	   2364	  25248	   62a0	PPG.elf
Finished building: default.size.stdout
 
Finished building: PPG.list
 
00:59:04 **** Incremental Build of configuration Debug for project PPG ****
make -j7 all 
arm-none-eabi-size  PPG.elf 
   text	   data	    bss	    dec	    hex	filename
  22792	     92	   2364	  25248	   62a0	PPG.elf
Finished building: default.size.stdout
 
